// Jest Snapshot v1, https://goo.gl/fbAQLP

exports[`sets global tags on stack and resources 1`] = `
Object {
  "Parameters": Object {
    "AssetParameters3547e169d713bb1fb0a0285a19cf6a89dd115a135dc69ad71b3dbfae186eb54fArtifactHashDCC7EDE0": Object {
      "Description": "Artifact hash for asset \\"3547e169d713bb1fb0a0285a19cf6a89dd115a135dc69ad71b3dbfae186eb54f\\"",
      "Type": "String",
    },
    "AssetParameters3547e169d713bb1fb0a0285a19cf6a89dd115a135dc69ad71b3dbfae186eb54fS3Bucket07908928": Object {
      "Description": "S3 bucket for asset \\"3547e169d713bb1fb0a0285a19cf6a89dd115a135dc69ad71b3dbfae186eb54f\\"",
      "Type": "String",
    },
    "AssetParameters3547e169d713bb1fb0a0285a19cf6a89dd115a135dc69ad71b3dbfae186eb54fS3VersionKey2DCA3A8E": Object {
      "Description": "S3 key for asset version \\"3547e169d713bb1fb0a0285a19cf6a89dd115a135dc69ad71b3dbfae186eb54f\\"",
      "Type": "String",
    },
  },
  "Resources": Object {
    "Function76856677": Object {
      "DependsOn": Array [
        "FunctionServiceRole675BB04A",
      ],
      "Properties": Object {
        "Code": Object {
          "S3Bucket": Object {
            "Ref": "AssetParameters3547e169d713bb1fb0a0285a19cf6a89dd115a135dc69ad71b3dbfae186eb54fS3Bucket07908928",
          },
          "S3Key": Object {
            "Fn::Join": Array [
              "",
              Array [
                Object {
                  "Fn::Select": Array [
                    0,
                    Object {
                      "Fn::Split": Array [
                        "||",
                        Object {
                          "Ref": "AssetParameters3547e169d713bb1fb0a0285a19cf6a89dd115a135dc69ad71b3dbfae186eb54fS3VersionKey2DCA3A8E",
                        },
                      ],
                    },
                  ],
                },
                Object {
                  "Fn::Select": Array [
                    1,
                    Object {
                      "Fn::Split": Array [
                        "||",
                        Object {
                          "Ref": "AssetParameters3547e169d713bb1fb0a0285a19cf6a89dd115a135dc69ad71b3dbfae186eb54fS3VersionKey2DCA3A8E",
                        },
                      ],
                    },
                  ],
                },
              ],
            ],
          },
        },
        "Handler": "index.handler",
        "Role": Object {
          "Fn::GetAtt": Array [
            "FunctionServiceRole675BB04A",
            "Arn",
          ],
        },
        "Runtime": "nodejs12.x",
      },
      "Type": "AWS::Lambda::Function",
    },
    "FunctionServiceRole675BB04A": Object {
      "Properties": Object {
        "AssumeRolePolicyDocument": Object {
          "Statement": Array [
            Object {
              "Action": "sts:AssumeRole",
              "Effect": "Allow",
              "Principal": Object {
                "Service": "lambda.amazonaws.com",
              },
            },
          ],
          "Version": "2012-10-17",
        },
        "ManagedPolicyArns": Array [
          Object {
            "Fn::Join": Array [
              "",
              Array [
                "arn:",
                Object {
                  "Ref": "AWS::Partition",
                },
                ":iam::aws:policy/service-role/AWSLambdaBasicExecutionRole",
              ],
            ],
          },
        ],
      },
      "Type": "AWS::IAM::Role",
    },
  },
}
`;
